cargo :     Checking rusticated v0.1.0 (C:\Users\mihai\brush-async\rusticated)
At line:1 char:1
+ cargo check > "errors.txt" 2>&1
+ ~~~~~~~~~~~~~~~~~~~~~~~~~~~~~~~
    + CategoryInfo          : NotSpecified: (    Checking fa...async\rusticated) 
   :String) [], RemoteException
    + FullyQualifiedErrorId : NativeCommandError
 
error[E0433]: failed to resolve: use of unresolved module or unlinked crate `st
d`
   --> src\fs.rs:206:9
    |
206 |     use std::{io, os::windows::ffi::OsStrExt};
    |         ^^^ use of unresolved module or unlinked crate `std`
    |
    = help: if you wanted to use a crate named `std`, use `cargo add std` to ad
d it to your `Cargo.toml`

error[E0432]: unresolved import `std`
   --> src\fs.rs:206:9
    |
206 |     use std::{io, os::windows::ffi::OsStrExt};
    |         ^^^ use of unresolved module or unlinked crate `std`
    |
    = help: if you wanted to use a crate named `std`, use `cargo add std` to ad
d it to your `Cargo.toml`

error[E0433]: failed to resolve: use of unresolved module or unlinked crate `st
d`
  --> src\path.rs:15:5
   |
15 | use std::borrow::Cow;
   |     ^^^ use of unresolved module or unlinked crate `std`
   |
   = help: if you wanted to use a crate named `std`, use `cargo add std` to add
 it to your `Cargo.toml`

error[E0433]: failed to resolve: use of unresolved module or unlinked crate `st
d`
  --> src\path.rs:16:5
   |
16 | use std::path::PathBuf;
   |     ^^^ use of unresolved module or unlinked crate `std`
   |
   = help: if you wanted to use a crate named `std`, use `cargo add std` to add
 it to your `Cargo.toml`

error[E0433]: failed to resolve: use of unresolved module or unlinked crate `st
d`
  --> src\process.rs:20:9
   |
20 |     use std::{ffi::OsStr, io, process};
   |         ^^^ use of unresolved module or unlinked crate `std`
   |
   = help: if you wanted to use a crate named `std`, use `cargo add std` to add
 it to your `Cargo.toml`

error[E0432]: unresolved import `std`
 --> src\io.rs:2:5
  |
2 | use std::io;
  |     ^^^ use of unresolved module or unlinked crate `std`
  |
  = help: if you wanted to use a crate named `std`, use `cargo add std` to add 
it to your `Cargo.toml`

error[E0433]: failed to resolve: use of unresolved module or unlinked crate `st
d`
  --> src\process.rs:93:21
   |
93 |                 use std::os::windows::io::AsRawHandle;
   |                     ^^^ use of unresolved module or unlinked crate `std`
   |
   = help: if you wanted to use a crate named `std`, use `cargo add std` to add
 it to your `Cargo.toml`

error[E0433]: failed to resolve: use of unresolved module or unlinked crate `st
d`
   --> src\process.rs:201:9
    |
201 | pub use std::process::{ExitStatus as ChildExitStatus, Stdio};
    |         ^^^ use of unresolved module or unlinked crate `std`
    |
    = help: if you wanted to use a crate named `std`, use `cargo add std` to ad
d it to your `Cargo.toml`

error[E0433]: failed to resolve: use of unresolved module or unlinked crate `st
d`
 --> src\rt\waker.rs:1:5
  |
1 | use std::task::{RawWaker, RawWakerVTable, Waker};
  |     ^^^ use of unresolved module or unlinked crate `std`
  |
  = help: if you wanted to use a crate named `std`, use `cargo add std` to add 
it to your `Cargo.toml`

error[E0433]: failed to resolve: use of unresolved module or unlinked crate `st
d`
 --> src\rt\windows.rs:9:5
  |
9 | use std::collections::HashMap;
  |     ^^^ use of unresolved module or unlinked crate `std`
  |
  = help: if you wanted to use a crate named `std`, use `cargo add std` to add 
it to your `Cargo.toml`

error[E0433]: failed to resolve: use of unresolved module or unlinked crate `st
d`
  --> src\rt\windows.rs:10:5
   |
10 | use std::future::Future;
   |     ^^^ use of unresolved module or unlinked crate `std`
   |
   = help: if you wanted to use a crate named `std`, use `cargo add std` to add
 it to your `Cargo.toml`

error[E0432]: unresolved import `std`
  --> src\process.rs:20:9
   |
20 |     use std::{ffi::OsStr, io, process};
   |         ^^^ use of unresolved module or unlinked crate `std`
   |
   = help: if you wanted to use a crate named `std`, use `cargo add std` to add
 it to your `Cargo.toml`

error[E0433]: failed to resolve: use of unresolved module or unlinked crate `st
d`
  --> src\rt\windows.rs:12:5
   |
12 | use std::pin::Pin;
   |     ^^^ use of unresolved module or unlinked crate `std`
   |
   = help: if you wanted to use a crate named `std`, use `cargo add std` to add
 it to your `Cargo.toml`

error[E0432]: unresolved import `std`
  --> src\rt\windows.rs:11:5
   |
11 | use std::io;
   |     ^^^ use of unresolved module or unlinked crate `std`
   |
   = help: if you wanted to use a crate named `std`, use `cargo add std` to add
 it to your `Cargo.toml`

error[E0433]: failed to resolve: use of unresolved module or unlinked crate `st
d`
  --> src\rt\windows.rs:14:5
   |
14 | use std::task::{Context, Poll, Waker};
   |     ^^^ use of unresolved module or unlinked crate `std`
   |
   = help: if you wanted to use a crate named `std`, use `cargo add std` to add
 it to your `Cargo.toml`

error[E0432]: unresolved import `std`
  --> src\rt\windows.rs:13:5
   |
13 | use std::ptr;
   |     ^^^ use of unresolved module or unlinked crate `std`
   |
   = help: if you wanted to use a crate named `std`, use `cargo add std` to add
 it to your `Cargo.toml`

error[E0433]: failed to resolve: use of unresolved module or unlinked crate `st
d`
  --> src\signal.rs:20:9
   |
20 |     use std::{
   |         ^^^ use of unresolved module or unlinked crate `std`
   |
   = help: if you wanted to use a crate named `std`, use `cargo add std` to add
 it to your `Cargo.toml`

error[E0433]: failed to resolve: use of unresolved module or unlinked crate `st
d`
  --> src\time.rs:22:9
   |
22 |     use std::{
   |         ^^^ use of unresolved module or unlinked crate `std`
   |
   = help: if you wanted to use a crate named `std`, use `cargo add std` to add
 it to your `Cargo.toml`

error[E0433]: failed to resolve: use of unresolved module or unlinked crate `st
d`
 --> src\error.rs:3:5
  |
3 | use std::path::PathBuf;
  |     ^^^ use of unresolved module or unlinked crate `std`
  |
  = help: if you wanted to use a crate named `std`, use `cargo add std` to add 
it to your `Cargo.toml`

error[E0433]: failed to resolve: use of unresolved module or unlinked crate `st
d`
 --> src\rt\executor.rs:1:5
  |
1 | use std::{
  |     ^^^ use of unresolved module or unlinked crate `std`
  |
  = help: if you wanted to use a crate named `std`, use `cargo add std` to add 
it to your `Cargo.toml`

error[E0432]: unresolved import `std`
  --> src\signal.rs:20:9
   |
20 |     use std::{
   |         ^^^ use of unresolved module or unlinked crate `std`
   |
   = help: if you wanted to use a crate named `std`, use `cargo add std` to add
 it to your `Cargo.toml`

error[E0433]: failed to resolve: use of unresolved module or unlinked crate `st
d`
 --> src\rt\ready.rs:1:5
  |
1 | use std::cell::RefCell;
  |     ^^^ use of unresolved module or unlinked crate `std`
  |
  = help: if you wanted to use a crate named `std`, use `cargo add std` to add 
it to your `Cargo.toml`

error[E0433]: failed to resolve: use of unresolved module or unlinked crate `st
d`
 --> src\rt\ready.rs:2:5
  |
2 | use std::collections::HashSet;
  |     ^^^ use of unresolved module or unlinked crate `std`
  |
  = help: if you wanted to use a crate named `std`, use `cargo add std` to add 
it to your `Cargo.toml`

error[E0433]: failed to resolve: use of unresolved module or unlinked crate `st
d`
 --> src\rt\timers.rs:1:5
  |
1 | use std::cell::RefCell;
  |     ^^^ use of unresolved module or unlinked crate `std`
  |
  = help: if you wanted to use a crate named `std`, use `cargo add std` to add 
it to your `Cargo.toml`

error[E0433]: failed to resolve: use of unresolved module or unlinked crate `st
d`
 --> src\rt\timers.rs:2:5
  |
2 | use std::time::{Duration, Instant};
  |     ^^^ use of unresolved module or unlinked crate `std`
  |
  = help: if you wanted to use a crate named `std`, use `cargo add std` to add 
it to your `Cargo.toml`

error[E0432]: unresolved import `std`
 --> src\rt\executor.rs:1:5
  |
1 | use std::{
  |     ^^^ use of unresolved module or unlinked crate `std`
  |
  = help: if you wanted to use a crate named `std`, use `cargo add std` to add 
it to your `Cargo.toml`

error: cannot find macro `thread_local` in this scope
  --> src\rt\executor.rs:26:1
   |
26 | thread_local! {
   | ^^^^^^^^^^^^
   |
   = note: `thread_local` is in scope, but it is an attribute: `#[thread_local]
`

error: cannot find macro `thread_local` in this scope
 --> src\rt\ready.rs:4:1
  |
4 | thread_local! {
  | ^^^^^^^^^^^^
  |
  = note: `thread_local` is in scope, but it is an attribute: `#[thread_local]`

error: cannot find macro `thread_local` in this scope
 --> src\rt\timers.rs:4:1
  |
4 | thread_local! {
  | ^^^^^^^^^^^^
  |
  = note: `thread_local` is in scope, but it is an attribute: `#[thread_local]`

error[E0433]: failed to resolve: use of unresolved module or unlinked crate `st
d`
  --> src\env.rs:19:5
   |
19 |     std::env::args().collect()
   |     ^^^ use of unresolved module or unlinked crate `std`
   |
   = help: if you wanted to use a crate named `std`, use `cargo add std` to add
 it to your `Cargo.toml`

error[E0433]: failed to resolve: use of unresolved module or unlinked crate `st
d`
  --> src\env.rs:25:5
   |
25 |     std::env::vars().collect()
   |     ^^^ use of unresolved module or unlinked crate `std`
   |
   = help: if you wanted to use a crate named `std`, use `cargo add std` to add
 it to your `Cargo.toml`

error[E0433]: failed to resolve: use of unresolved module or unlinked crate `st
d`
  --> src\error.rs:25:17
   |
25 |         source: std::io::Error,
   |                 ^^^ use of unresolved module or unlinked crate `std`
   |
   = help: if you wanted to use a crate named `std`, use `cargo add std` to add
 it to your `Cargo.toml`

error[E0433]: failed to resolve: use of unresolved module or unlinked crate `st
d`
  --> src\error.rs:30:21
   |
30 |     PlainIo(#[from] std::io::Error),
   |                     ^^^ use of unresolved module or unlinked crate `std`
   |
   = help: if you wanted to use a crate named `std`, use `cargo add std` to add
 it to your `Cargo.toml`

error[E0433]: failed to resolve: use of unresolved module or unlinked crate `st
d`
  --> src\error.rs:43:49
   |
43 |     pub fn io(path: impl Into<PathBuf>, source: std::io::Error) -> Self {
   |                                                 ^^^ use of unresolved modu
le or unlinked crate `std`
   |
   = help: if you wanted to use a crate named `std`, use `cargo add std` to add
 it to your `Cargo.toml`

error[E0433]: failed to resolve: use of unresolved module or unlinked crate `st
d`
   --> src\fs.rs:243:36
    |
243 |         pub async fn open<P: AsRef<std::path::Path>>(path: P) -> io::Resu
lt<Self> {
    |                                    ^^^ use of unresolved module or unlink
ed crate `std`
    |
    = help: if you wanted to use a crate named `std`, use `cargo add std` to ad
d it to your `Cargo.toml`

error[E0433]: failed to resolve: use of unresolved module or unlinked crate `st
d`
   --> src\fs.rs:248:38
    |
248 |         pub async fn create<P: AsRef<std::path::Path>>(path: P) -> io::Re
sult<Self> {
    |                                      ^^^ use of unresolved module or unli
nked crate `std`
    |
    = help: if you wanted to use a crate named `std`, use `cargo add std` to ad
d it to your `Cargo.toml`

error[E0433]: failed to resolve: use of unresolved module or unlinked crate `st
d`
   --> src\fs.rs:348:36
    |
348 |         pub async fn open<P: AsRef<std::path::Path>>(&self, path: P) -> i
o::Result<File> {
    |                                    ^^^ use of unresolved module or unlink
ed crate `std`
    |
    = help: if you wanted to use a crate named `std`, use `cargo add std` to ad
d it to your `Cargo.toml`

error[E0433]: failed to resolve: use of unresolved module or unlinked crate `st
d`
   --> src\signal.rs:106:27
    |
106 |     static WINDOWS_WAKER: std::sync::Mutex<Option<std::task::Waker>> = st
d::sync::Mutex::new(None);
    |                           ^^^ use of unresolved module or unlinked crate 
`std`
    |
    = help: if you wanted to use a crate named `std`, use `cargo add std` to ad
d it to your `Cargo.toml`

error[E0433]: failed to resolve: use of unresolved module or unlinked crate `st
d`
   --> src\signal.rs:106:72
    |
106 |     static WINDOWS_WAKER: std::sync::Mutex<Option<std::task::Waker>> = st
d::sync::Mutex::new(None);
    |                                                                        ^^
^ use of unresolved module or unlinked crate `std`
    |
    = help: if you wanted to use a crate named `std`, use `cargo add std` to ad
d it to your `Cargo.toml`

error[E0433]: failed to resolve: use of unresolved module or unlinked crate `st
d`
  --> src\tty.rs:12:44
   |
12 |     pub const fn get_size(_handle: u64) -> std::io::Result<(u16, u16)> {
   |                                            ^^^ use of unresolved module or
 unlinked crate `std`
   |
   = help: if you wanted to use a crate named `std`, use `cargo add std` to add
 it to your `Cargo.toml`

error[E0433]: failed to resolve: use of unresolved module or unlinked crate `st
d`
  --> src\tty.rs:19:56
   |
19 |     pub const fn set_mode(_handle: u64, _mode: u32) -> std::io::Result<()>
 {
   |                                                        ^^^ use of unresolv
ed module or unlinked crate `std`
   |
   = help: if you wanted to use a crate named `std`, use `cargo add std` to add
 it to your `Cargo.toml`

error[E0425]: cannot find type `Vec` in this scope
  --> src\env.rs:18:22
   |
18 | pub fn get_args() -> Vec<String> {
   |                      ^^^ not found in this scope
   |
help: consider importing this struct
   |
16 + use alloc::vec::Vec;
   |

error[E0425]: cannot find type `String` in this scope
  --> src\env.rs:18:26
   |
18 | pub fn get_args() -> Vec<String> {
   |                          ^^^^^^ not found in this scope
   |
help: consider importing this struct
   |
16 + use alloc::string::String;
   |

error[E0425]: cannot find type `Vec` in this scope
  --> src\env.rs:24:21
   |
24 | pub fn get_env() -> Vec<(String, String)> {
   |                     ^^^ not found in this scope
   |
help: consider importing this struct
   |
16 + use alloc::vec::Vec;
   |

error[E0425]: cannot find type `String` in this scope
  --> src\env.rs:24:26
   |
24 | pub fn get_env() -> Vec<(String, String)> {
   |                          ^^^^^^ not found in this scope
   |
help: consider importing this struct
   |
16 + use alloc::string::String;
   |

error[E0425]: cannot find type `String` in this scope
  --> src\env.rs:24:34
   |
24 | pub fn get_env() -> Vec<(String, String)> {
   |                                  ^^^^^^ not found in this scope
   |
help: consider importing this struct
   |
16 + use alloc::string::String;
   |

error[E0433]: failed to resolve: use of unresolved module or unlinked crate `st
d`
 --> src\error.rs:8:22
  |
8 | pub type Result<T> = std::result::Result<T, Error>;
  |                      ^^^ use of unresolved module or unlinked crate `std`
  |
  = help: if you wanted to use a crate named `std`, use `cargo add std` to add 
it to your `Cargo.toml`
help: consider importing this module
  |
3 + use core::result;
  |
help: if you import `result`, refer to it directly
  |
8 - pub type Result<T> = std::result::Result<T, Error>;
8 + pub type Result<T> = result::Result<T, Error>;
  |

error[E0425]: cannot find type `String` in this scope
  --> src\error.rs:34:14
   |
34 |     NotFound(String),
   |              ^^^^^^ not found in this scope
   |
help: consider importing this struct
   |
 3 + use alloc::string::String;
   |

error[E0425]: cannot find type `String` in this scope
  --> src\error.rs:38:11
   |
38 |     Other(String),
   |           ^^^^^^ not found in this scope
   |
help: consider importing this struct
   |
 3 + use alloc::string::String;
   |

error[E0433]: failed to resolve: use of unresolved module or unlinked crate `st
d`
   --> src\fs.rs:214:40
    |
214 |             lpSecurityAttributes: *mut std::ffi::c_void,
    |                                        ^^^ use of unresolved module or un
linked crate `std`
    |
    = help: if you wanted to use a crate named `std`, use `cargo add std` to ad
d it to your `Cargo.toml`
help: consider importing this module
    |
205 +     use core::ffi;
    |
help: if you import `ffi`, refer to it directly
    |
214 -             lpSecurityAttributes: *mut std::ffi::c_void,
214 +             lpSecurityAttributes: *mut ffi::c_void,
    |

error[E0425]: cannot find type `Vec` in this scope
   --> src\fs.rs:269:39
    |
269 |         async fn read(&mut self, buf: Vec<u8>) -> (io::Result<usize>, Vec
<u8>) {
    |                                       ^^^ not found in this scope
    |
help: consider importing this struct
    |
205 +     use alloc::vec::Vec;
    |

error[E0425]: cannot find type `Vec` in this scope
   --> src\fs.rs:269:71
    |
269 |         async fn read(&mut self, buf: Vec<u8>) -> (io::Result<usize>, Vec
<u8>) {
    |                                                                       ^^^
 not found in this scope
    |
help: consider importing this struct
    |
205 +     use alloc::vec::Vec;
    |

error[E0425]: cannot find type `Vec` in this scope
   --> src\fs.rs:275:40
    |
275 |         async fn write(&mut self, buf: Vec<u8>) -> (io::Result<usize>, Ve
c<u8>) {
    |                                        ^^^ not found in this scope
    |
help: consider importing this struct
    |
205 +     use alloc::vec::Vec;
    |

error[E0425]: cannot find type `Vec` in this scope
   --> src\fs.rs:275:72
    |
275 |         async fn write(&mut self, buf: Vec<u8>) -> (io::Result<usize>, Ve
c<u8>) {
    |                                                                        ^^
^ not found in this scope
    |
help: consider importing this struct
    |
205 +     use alloc::vec::Vec;
    |

error[E0425]: cannot find type `Vec` in this scope
   --> src\fs.rs:372:28
    |
372 |             let path_wide: Vec<u16> = path
    |                            ^^^ not found in this scope
    |
help: consider importing this struct
    |
205 +     use alloc::vec::Vec;
    |

error[E0433]: failed to resolve: use of unresolved module or unlinked crate `st
d`
   --> src\fs.rs:376:24
    |
376 |                 .chain(std::iter::once(0))
    |                        ^^^ use of unresolved module or unlinked crate `st
d`
    |
    = help: if you wanted to use a crate named `std`, use `cargo add std` to ad
d it to your `Cargo.toml`
help: consider importing this module
    |
205 +     use core::iter;
    |
help: if you import `iter`, refer to it directly
    |
376 -                 .chain(std::iter::once(0))
376 +                 .chain(iter::once(0))
    |

error[E0433]: failed to resolve: use of unresolved module or unlinked crate `st
d`
   --> src\fs.rs:385:21
    |
385 |                     std::ptr::null_mut(),
    |                     ^^^ use of unresolved module or unlinked crate `std`
    |
    = help: if you wanted to use a crate named `std`, use `cargo add std` to ad
d it to your `Cargo.toml`
help: consider importing this module
    |
205 +     use core::ptr;
    |
help: if you import `ptr`, refer to it directly
    |
385 -                     std::ptr::null_mut(),
385 +                     ptr::null_mut(),
    |

error[E0425]: cannot find type `Vec` in this scope
  --> src\io.rs:20:35
   |
20 |     async fn read(&mut self, buf: Vec<u8>) -> (io::Result<usize>, Vec<u8>)
;
   |                                   ^^^ not found in this scope
   |
help: consider importing this struct
   |
 2 + use alloc::vec::Vec;
   |

error[E0425]: cannot find type `Vec` in this scope
  --> src\io.rs:20:67
   |
20 |     async fn read(&mut self, buf: Vec<u8>) -> (io::Result<usize>, Vec<u8>)
;
   |                                                                   ^^^ not 
found in this scope
   |
help: consider importing this struct
   |
 2 + use alloc::vec::Vec;
   |

error[E0425]: cannot find type `Vec` in this scope
  --> src\io.rs:33:36
   |
33 |     async fn write(&mut self, buf: Vec<u8>) -> (io::Result<usize>, Vec<u8>
);
   |                                    ^^^ not found in this scope
   |
help: consider importing this struct
   |
 2 + use alloc::vec::Vec;
   |

error[E0425]: cannot find type `Vec` in this scope
  --> src\io.rs:33:68
   |
33 |     async fn write(&mut self, buf: Vec<u8>) -> (io::Result<usize>, Vec<u8>
);
   |                                                                    ^^^ not
 found in this scope
   |
help: consider importing this struct
   |
 2 + use alloc::vec::Vec;
   |

error[E0425]: cannot find type `Vec` in this scope
  --> src\io.rs:39:45
   |
39 |     async fn read_exact(&mut self, mut buf: Vec<u8>) -> (io::Result<()>, V
ec<u8>) {
   |                                             ^^^ not found in this scope
   |
help: consider importing this struct
   |
 2 + use alloc::vec::Vec;
   |

error[E0425]: cannot find type `Vec` in this scope
  --> src\io.rs:39:74
   |
39 |     async fn read_exact(&mut self, mut buf: Vec<u8>) -> (io::Result<()>, V
ec<u8>) {
   |                                                                          ^
^^ not found in this scope
   |
help: consider importing this struct
   |
 2 + use alloc::vec::Vec;
   |

error[E0433]: failed to resolve: use of undeclared type `String`
   --> src\path.rs:112:28
    |
112 |             let mut root = String::with_capacity(3);
    |                            ^^^^^^ use of undeclared type `String`
    |
help: consider importing this struct
    |
 15 + use alloc::string::String;
    |

error[E0425]: cannot find value `DRIVER` in this scope
  --> src\rt\executor.rs:33:5
   |
33 |     DRIVER.with(|cell| {
   |     ^^^^^^ not found in this scope

error[E0425]: cannot find value `MAIN_FUTURE` in this scope
  --> src\rt\executor.rs:54:5
   |
54 |     MAIN_FUTURE.with(|main| {
   |     ^^^^^^^^^^^ not found in this scope

error[E0433]: failed to resolve: use of undeclared type `Box`
  --> src\rt\executor.rs:55:35
   |
55 |         *main.borrow_mut() = Some(Box::pin(future));
   |                                   ^^^ use of undeclared type `Box`
   |
help: consider importing this struct
   |
 1 + use alloc::boxed::Box;
   |

error[E0425]: cannot find value `MAIN_FUTURE` in this scope
  --> src\rt\executor.rs:88:23
   |
88 |     let main_status = MAIN_FUTURE.with(|main_fut| {
   |                       ^^^^^^^^^^^ not found in this scope

error[E0425]: cannot find value `READY` in this scope
  --> src\rt\ready.rs:11:5
   |
11 |     READY.with(|r| {
   |     ^^^^^ not found in this scope

error[E0425]: cannot find value `READY` in this scope
  --> src\rt\ready.rs:17:5
   |
17 |     READY.with(|r| r.borrow_mut().remove(&token))
   |     ^^^^^ not found in this scope

error[E0425]: cannot find value `NEXT_TIMER_ID` in this scope
  --> src\rt\timers.rs:13:5
   |
13 |     NEXT_TIMER_ID.with(|n| {
   |     ^^^^^^^^^^^^^ not found in this scope

error[E0425]: cannot find value `TIMERS` in this scope
  --> src\rt\timers.rs:17:9
   |
17 |         TIMERS.with(|t| {
   |         ^^^^^^ not found in this scope

error[E0425]: cannot find value `TIMERS` in this scope
  --> src\rt\timers.rs:28:5
   |
28 |     TIMERS.with(|t| {
   |     ^^^^^^ not found in this scope

error[E0425]: cannot find value `TIMERS` in this scope
  --> src\rt\timers.rs:37:5
   |
37 |     TIMERS.with(|t| {
   |     ^^^^^^ not found in this scope

error[E0433]: failed to resolve: use of unresolved module or unlinked crate `st
d`
 --> src\rt\waker.rs:5:27
  |
5 |         |_| RawWaker::new(std::ptr::null(), &VTABLE),
  |                           ^^^ use of unresolved module or unlinked crate `s
td`
  |
  = help: if you wanted to use a crate named `std`, use `cargo add std` to add 
it to your `Cargo.toml`
help: consider importing this module
  |
1 + use core::ptr;
  |
help: if you import `ptr`, refer to it directly
  |
5 -         |_| RawWaker::new(std::ptr::null(), &VTABLE),
5 +         |_| RawWaker::new(ptr::null(), &VTABLE),
  |

error[E0433]: failed to resolve: use of unresolved module or unlinked crate `st
d`
  --> src\rt\waker.rs:12:44
   |
12 |     unsafe { Waker::from_raw(RawWaker::new(std::ptr::null(), &VTABLE)) }
   |                                            ^^^ use of unresolved module or
 unlinked crate `std`
   |
   = help: if you wanted to use a crate named `std`, use `cargo add std` to add
 it to your `Cargo.toml`
help: consider importing this module
   |
 1 + use core::ptr;
   |
help: if you import `ptr`, refer to it directly
   |
12 -     unsafe { Waker::from_raw(RawWaker::new(std::ptr::null(), &VTABLE)) }
12 +     unsafe { Waker::from_raw(RawWaker::new(ptr::null(), &VTABLE)) }
   |

error[E0433]: failed to resolve: use of unresolved module or unlinked crate `st
d`
  --> src\rt\windows.rs:54:57
   |
54 |         callback: Option<unsafe extern "system" fn(*mut std::ffi::c_void, 
u8)>,
   |                                                         ^^^ use of unresol
ved module or unlinked crate `std`
   |
   = help: if you wanted to use a crate named `std`, use `cargo add std` to add
 it to your `Cargo.toml`
help: consider importing this module
   |
 9 + use core::ffi;
   |
help: if you import `ffi`, refer to it directly
   |
54 -         callback: Option<unsafe extern "system" fn(*mut std::ffi::c_void, 
u8)>,
54 +         callback: Option<unsafe extern "system" fn(*mut ffi::c_void, u8)>,
   |

error[E0433]: failed to resolve: use of unresolved module or unlinked crate `st
d`
  --> src\rt\windows.rs:55:23
   |
55 |         context: *mut std::ffi::c_void,
   |                       ^^^ use of unresolved module or unlinked crate `std`
   |
   = help: if you wanted to use a crate named `std`, use `cargo add std` to add
 it to your `Cargo.toml`
help: consider importing this module
   |
 9 + use core::ffi;
   |
help: if you import `ffi`, refer to it directly
   |
55 -         context: *mut std::ffi::c_void,
55 +         context: *mut ffi::c_void,
   |

error[E0433]: failed to resolve: use of unresolved module or unlinked crate `st
d`
   --> src\rt\windows.rs:210:55
    |
210 | unsafe extern "system" fn wait_callback(context: *mut std::ffi::c_void, _
timer_fired: u8) {
    |                                                       ^^^ use of unresolv
ed module or unlinked crate `std`
    |
    = help: if you wanted to use a crate named `std`, use `cargo add std` to ad
d it to your `Cargo.toml`
help: consider importing this module
    |
  9 + use core::ffi;
    |
help: if you import `ffi`, refer to it directly
    |
210 - unsafe extern "system" fn wait_callback(context: *mut std::ffi::c_void, _
timer_fired: u8) {
210 + unsafe extern "system" fn wait_callback(context: *mut ffi::c_void, _timer
_fired: u8) {
    |

error[E0425]: cannot find type `Vec` in this scope
   --> src\rt\windows.rs:228:24
    |
228 |     pub buffer: Option<Vec<u8>>,
    |                        ^^^ not found in this scope
    |
help: consider importing this struct
    |
  9 + use alloc::vec::Vec;
    |

error[E0425]: cannot find type `Vec` in this scope
   --> src\rt\windows.rs:234:36
    |
234 |     pub fn new(token: u64, buffer: Vec<u8>) -> Self {
    |                                    ^^^ not found in this scope
    |
help: consider importing this struct
    |
  9 + use alloc::vec::Vec;
    |

error[E0425]: cannot find type `Box` in this scope
   --> src\rt\windows.rs:251:20
    |
251 |     op: Option<Pin<Box<OverlappedOp>>>,
    |                    ^^^ not found in this scope
    |
help: consider importing this struct
    |
  9 + use alloc::boxed::Box;
    |

error[E0425]: cannot find type `Vec` in this scope
   --> src\rt\windows.rs:257:34
    |
257 |     pub fn new(handle: u64, buf: Vec<u8>) -> Self {
    |                                  ^^^ not found in this scope
    |
help: consider importing this struct
    |
  9 + use alloc::vec::Vec;
    |

error[E0433]: failed to resolve: use of undeclared type `Box`
   --> src\rt\windows.rs:260:22
    |
260 |             op: Some(Box::pin(OverlappedOp::new(handle, buf))),
    |                      ^^^ use of undeclared type `Box`
    |
help: consider importing this struct
    |
  9 + use alloc::boxed::Box;
    |

error[E0425]: cannot find type `Vec` in this scope
   --> src\rt\windows.rs:267:39
    |
267 |     type Output = (io::Result<usize>, Vec<u8>);
    |                                       ^^^ not found in this scope
    |
help: consider importing this struct
    |
  9 + use alloc::vec::Vec;
    |

error[E0433]: failed to resolve: use of undeclared type `Vec`
   --> src\rt\windows.rs:322:59
    |
322 |             Poll::Ready((Err(io::Error::last_os_error()), Vec::new()))
    |                                                           ^^^ use of unde
clared type `Vec`
    |
help: consider importing this struct
    |
  9 + use alloc::vec::Vec;
    |

error[E0425]: cannot find type `Box` in this scope
   --> src\rt\windows.rs:332:20
    |
332 |     op: Option<Pin<Box<OverlappedOp>>>,
    |                    ^^^ not found in this scope
    |
help: consider importing this struct
    |
  9 + use alloc::boxed::Box;
    |

error[E0425]: cannot find type `Vec` in this scope
   --> src\rt\windows.rs:338:34
    |
338 |     pub fn new(handle: u64, buf: Vec<u8>) -> Self {
    |                                  ^^^ not found in this scope
    |
help: consider importing this struct
    |
  9 + use alloc::vec::Vec;
    |

error[E0433]: failed to resolve: use of undeclared type `Box`
   --> src\rt\windows.rs:341:22
    |
341 |             op: Some(Box::pin(OverlappedOp::new(handle, buf))),
    |                      ^^^ use of undeclared type `Box`
    |
help: consider importing this struct
    |
  9 + use alloc::boxed::Box;
    |

error[E0425]: cannot find type `Vec` in this scope
   --> src\rt\windows.rs:348:39
    |
348 |     type Output = (io::Result<usize>, Vec<u8>);
    |                                       ^^^ not found in this scope
    |
help: consider importing this struct
    |
  9 + use alloc::vec::Vec;
    |

error[E0433]: failed to resolve: use of undeclared type `Vec`
   --> src\rt\windows.rs:401:59
    |
401 |             Poll::Ready((Err(io::Error::last_os_error()), Vec::new()))
    |                                                           ^^^ use of unde
clared type `Vec`
    |
help: consider importing this struct
    |
  9 + use alloc::vec::Vec;
    |

error[E0433]: failed to resolve: use of unresolved module or unlinked crate `st
d`
   --> src\rt\windows.rs:443:73
    |
443 |             let self_ptr = self.as_mut().get_mut() as *mut Self as *mut s
td::ffi::c_void;
    |                                                                         ^
^^ use of unresolved module or unlinked crate `std`
    |
    = help: if you wanted to use a crate named `std`, use `cargo add std` to ad
d it to your `Cargo.toml`
help: consider importing this module
    |
  9 + use core::ffi;
    |
help: if you import `ffi`, refer to it directly
    |
443 -             let self_ptr = self.as_mut().get_mut() as *mut Self as *mut s
td::ffi::c_void;
443 +             let self_ptr = self.as_mut().get_mut() as *mut Self as *mut f
fi::c_void;
    |

error[E0433]: failed to resolve: use of unresolved module or unlinked crate `st
d`
   --> src\signal.rs:106:51
    |
106 |     static WINDOWS_WAKER: std::sync::Mutex<Option<std::task::Waker>> = st
d::sync::Mutex::new(None);
    |                                                   ^^^ use of unresolved m
odule or unlinked crate `std`
    |
    = help: if you wanted to use a crate named `std`, use `cargo add std` to ad
d it to your `Cargo.toml`
help: consider importing one of these modules
    |
 20 +     use core::task;
    |
 20 +     use alloc::task;
    |
help: if you import `task`, refer to it directly
    |
106 -     static WINDOWS_WAKER: std::sync::Mutex<Option<std::task::Waker>> = st
d::sync::Mutex::new(None);
106 +     static WINDOWS_WAKER: std::sync::Mutex<Option<task::Waker>> = std::sy
nc::Mutex::new(None);
    |

error[E0433]: failed to resolve: use of unresolved module or unlinked crate `st
d`
   --> src\signal.rs:108:30
    |
108 |     static CTRL_C_TRIGGERED: std::sync::atomic::AtomicBool =
    |                              ^^^ use of unresolved module or unlinked cra
te `std`
    |
    = help: if you wanted to use a crate named `std`, use `cargo add std` to ad
d it to your `Cargo.toml`
help: consider importing this module
    |
 20 +     use core::sync::atomic;
    |
help: if you import `atomic`, refer to it directly
    |
108 -     static CTRL_C_TRIGGERED: std::sync::atomic::AtomicBool =
108 +     static CTRL_C_TRIGGERED: atomic::AtomicBool =
    |

error[E0433]: failed to resolve: use of unresolved module or unlinked crate `st
d`
   --> src\signal.rs:109:9
    |
109 |         std::sync::atomic::AtomicBool::new(false);
    |         ^^^ use of unresolved module or unlinked crate `std`
    |
    = help: if you wanted to use a crate named `std`, use `cargo add std` to ad
d it to your `Cargo.toml`
help: consider importing this struct
    |
 20 +     use core::sync::atomic::AtomicBool;
    |
help: if you import `AtomicBool`, refer to it directly
    |
109 -         std::sync::atomic::AtomicBool::new(false);
109 +         AtomicBool::new(false);
    |

error[E0433]: failed to resolve: use of unresolved module or unlinked crate `st
d`
   --> src\signal.rs:115:42
    |
115 |             CTRL_C_TRIGGERED.store(true, std::sync::atomic::Ordering::Rel
ease);
    |                                          ^^^ use of unresolved module or 
unlinked crate `std`
    |
    = help: if you wanted to use a crate named `std`, use `cargo add std` to ad
d it to your `Cargo.toml`
help: consider importing one of these enums
    |
 20 +     use core::cmp::Ordering;
    |
 20 +     use core::sync::atomic::Ordering;
    |
help: if you import `Ordering`, refer to it directly
    |
115 -             CTRL_C_TRIGGERED.store(true, std::sync::atomic::Ordering::Rel
ease);
115 +             CTRL_C_TRIGGERED.store(true, Ordering::Release);
    |

error[E0433]: failed to resolve: use of unresolved module or unlinked crate `st
d`
   --> src\signal.rs:168:14
    |
168 |         impl std::future::Future for CtrlC {
    |              ^^^ use of unresolved module or unlinked crate `std`
    |
    = help: if you wanted to use a crate named `std`, use `cargo add std` to ad
d it to your `Cargo.toml`
help: consider importing this module
    |
 20 +     use core::future;
    |
help: if you import `future`, refer to it directly
    |
168 -         impl std::future::Future for CtrlC {
168 +         impl future::Future for CtrlC {
    |

error[E0433]: failed to resolve: use of unresolved module or unlinked crate `st
d`
   --> src\signal.rs:171:23
    |
171 |                 self: std::pin::Pin<&mut Self>,
    |                       ^^^ use of unresolved module or unlinked crate `std
`
    |
    = help: if you wanted to use a crate named `std`, use `cargo add std` to ad
d it to your `Cargo.toml`
help: consider importing this module
    |
 20 +     use core::pin;
    |
help: if you import `pin`, refer to it directly
    |
171 -                 self: std::pin::Pin<&mut Self>,
171 +                 self: pin::Pin<&mut Self>,
    |

error[E0433]: failed to resolve: use of unresolved module or unlinked crate `st
d`
   --> src\signal.rs:172:26
    |
172 |                 cx: &mut std::task::Context<'_>,
    |                          ^^^ use of unresolved module or unlinked crate `
std`
    |
    = help: if you wanted to use a crate named `std`, use `cargo add std` to ad
d it to your `Cargo.toml`
help: consider importing this module
    |
 20 +     use core::task;
    |
help: if you import `task`, refer to it directly
    |
172 -                 cx: &mut std::task::Context<'_>,
172 +                 cx: &mut task::Context<'_>,
    |

error[E0433]: failed to resolve: use of unresolved module or unlinked crate `st
d`
   --> src\signal.rs:173:18
    |
173 |             ) -> std::task::Poll<Self::Output> {
    |                  ^^^ use of unresolved module or unlinked crate `std`
    |
    = help: if you wanted to use a crate named `std`, use `cargo add std` to ad
d it to your `Cargo.toml`
help: consider importing this module
    |
 20 +     use core::task;
    |
help: if you import `task`, refer to it directly
    |
173 -             ) -> std::task::Poll<Self::Output> {
173 +             ) -> task::Poll<Self::Output> {
    |

error[E0433]: failed to resolve: use of unresolved module or unlinked crate `st
d`
   --> src\signal.rs:178:49
    |
178 |                 if CTRL_C_TRIGGERED.swap(false, std::sync::atomic::Orderi
ng::AcqRel) {
    |                                                 ^^^ use of unresolved mod
ule or unlinked crate `std`
    |
    = help: if you wanted to use a crate named `std`, use `cargo add std` to ad
d it to your `Cargo.toml`
help: consider importing one of these enums
    |
 20 +     use core::cmp::Ordering;
    |
 20 +     use core::sync::atomic::Ordering;
    |
help: if you import `Ordering`, refer to it directly
    |
178 -                 if CTRL_C_TRIGGERED.swap(false, std::sync::atomic::Orderi
ng::AcqRel) {
178 +                 if CTRL_C_TRIGGERED.swap(false, Ordering::AcqRel) {
    |

error[E0433]: failed to resolve: use of unresolved module or unlinked crate `st
d`
   --> src\signal.rs:179:21
    |
179 |                     std::task::Poll::Ready(Ok(()))
    |                     ^^^ use of unresolved module or unlinked crate `std`
    |
    = help: if you wanted to use a crate named `std`, use `cargo add std` to ad
d it to your `Cargo.toml`
help: consider importing this enum
    |
 20 +     use core::task::Poll;
    |
help: if you import `Poll`, refer to it directly
    |
179 -                     std::task::Poll::Ready(Ok(()))
179 +                     Poll::Ready(Ok(()))
    |

error[E0433]: failed to resolve: use of unresolved module or unlinked crate `st
d`
   --> src\signal.rs:181:21
    |
181 |                     std::task::Poll::Pending
    |                     ^^^ use of unresolved module or unlinked crate `std`
    |
    = help: if you wanted to use a crate named `std`, use `cargo add std` to ad
d it to your `Cargo.toml`
help: consider importing this enum
    |
 20 +     use core::task::Poll;
    |
help: if you import `Poll`, refer to it directly
    |
181 -                     std::task::Poll::Pending
181 +                     Poll::Pending
    |

error: unused extern crate
 --> src\lib.rs:6:1
  |
6 | extern crate alloc;
  | ^^^^^^^^^^^^^^^^^^^ unused
  |
  = note: `-D unused-extern-crates` implied by `-D rust-2018-idioms`
  = help: to override `-D rust-2018-idioms` add `#[allow(unused_extern_crates)]
`
help: remove the unused `extern crate`
  |
6 - extern crate alloc;
  |

Some errors have detailed explanations: E0425, E0432, E0433.
For more information about an error, try `rustc --explain E0425`.
error: could not compile `rusticated` (lib) due to 104 previous errors
